// Vitest Snapshot v1, https://vitest.dev/guide/snapshot.html

exports[`buildPlan balanced output freeze > half marathon, 3 days, fit, secondary race — stable output 1`] = `
{
  "distanceKm": 21.1,
  "goalSec": 6340,
  "longRunPeakKm": 19,
  "planSessions": [
    {
      "dayOffset": 1,
      "minutes": 40,
    },
    {
      "dayOffset": 3,
      "minutes": 45,
    },
    {
      "dayOffset": 6,
      "minutes": 90,
    },
  ],
  "raceDate": "2026-10-18",
  "raceElevation": 150,
  "racePace": 300,
  "style": "balanced",
  "targetPace": 284,
  "weeks": [
    {
      "phase": "BASE",
      "sessions": [
        {
          "date": "2026-07-14",
          "desc": "Easy run — relaxed aerobic effort",
          "done": false,
          "id": "w1d1",
          "km": 2.5,
          "pace": 355,
          "runId": null,
          "type": "EASY",
        },
        {
          "date": "2026-07-16",
          "desc": "Easy run — relaxed aerobic effort",
          "done": false,
          "id": "w1d3",
          "km": 2.5,
          "pace": 355,
          "runId": null,
          "type": "EASY",
        },
        {
          "date": "2026-07-19",
          "desc": "Long run — easy effort at 5:55/km",
          "done": false,
          "id": "w1d6",
          "km": 11.2,
          "pace": 355,
          "runId": null,
          "type": "LONG",
        },
      ],
      "startDate": "2026-07-13",
      "weekNumber": 1,
    },
    {
      "phase": "BASE",
      "sessions": [
        {
          "date": "2026-07-21",
          "desc": "Easy run — relaxed aerobic effort",
          "done": false,
          "id": "w2d1",
          "km": 2.7,
          "pace": 355,
          "runId": null,
          "type": "EASY",
        },
        {
          "date": "2026-07-23",
          "desc": "Easy run — relaxed aerobic effort",
          "done": false,
          "id": "w2d3",
          "km": 2.7,
          "pace": 355,
          "runId": null,
          "type": "EASY",
        },
        {
          "date": "2026-07-26",
          "desc": "Long run — easy effort at 5:55/km",
          "done": false,
          "id": "w2d6",
          "km": 12.1,
          "pace": 355,
          "runId": null,
          "type": "LONG",
        },
      ],
      "startDate": "2026-07-20",
      "weekNumber": 2,
    },
    {
      "phase": "BASE",
      "sessions": [
        {
          "date": "2026-07-28",
          "desc": "Easy run — relaxed aerobic effort",
          "done": false,
          "id": "w3d1",
          "km": 2.9,
          "pace": 355,
          "runId": null,
          "type": "EASY",
        },
        {
          "date": "2026-07-30",
          "desc": "Easy run — relaxed aerobic effort",
          "done": false,
          "id": "w3d3",
          "km": 2.9,
          "pace": 355,
          "runId": null,
          "type": "EASY",
        },
        {
          "date": "2026-08-02",
          "desc": "Long run — easy effort at 5:55/km",
          "done": false,
          "id": "w3d6",
          "km": 12.9,
          "pace": 355,
          "runId": null,
          "type": "LONG",
        },
      ],
      "startDate": "2026-07-27",
      "weekNumber": 3,
    },
    {
      "phase": "BASE",
      "sessions": [
        {
          "date": "2026-08-04",
          "desc": "Easy run — relaxed aerobic effort",
          "done": false,
          "id": "w4d1",
          "km": 3.1,
          "pace": 355,
          "runId": null,
          "type": "EASY",
        },
        {
          "date": "2026-08-06",
          "desc": "Easy run — relaxed aerobic effort",
          "done": false,
          "id": "w4d3",
          "km": 3.1,
          "pace": 355,
          "runId": null,
          "type": "EASY",
        },
        {
          "date": "2026-08-09",
          "desc": "Long run — easy effort at 5:55/km",
          "done": false,
          "id": "w4d6",
          "km": 13.8,
          "pace": 355,
          "runId": null,
          "type": "LONG",
        },
      ],
      "startDate": "2026-08-03",
      "weekNumber": 4,
    },
    {
      "phase": "BUILD",
      "sessions": [
        {
          "date": "2026-08-11",
          "desc": "Tempo run — 4:58/km, comfortably hard",
          "done": false,
          "id": "w5d1",
          "km": 5.7,
          "pace": 298,
          "runId": null,
          "type": "TEMPO",
        },
        {
          "date": "2026-08-13",
          "desc": "Tempo run — 4:58/km, comfortably hard",
          "done": false,
          "id": "w5d3",
          "km": 6.5,
          "pace": 298,
          "runId": null,
          "type": "TEMPO",
        },
        {
          "date": "2026-08-16",
          "desc": "Long run — easy effort at 5:55/km",
          "done": false,
          "id": "w5d6",
          "km": 14.7,
          "pace": 355,
          "runId": null,
          "type": "LONG",
        },
      ],
      "startDate": "2026-08-10",
      "weekNumber": 5,
    },
    {
      "phase": "BUILD",
      "sessions": [
        {
          "date": "2026-08-18",
          "desc": "Intervals — 5x800m at 4:44/km + 90s recovery",
          "done": false,
          "id": "w6d1",
          "km": 5.5,
          "pace": 284,
          "runId": null,
          "type": "INTERVALS",
        },
        {
          "date": "2026-08-20",
          "desc": "Intervals — 5x800m at 4:44/km + 90s recovery",
          "done": false,
          "id": "w6d3",
          "km": 5.5,
          "pace": 284,
          "runId": null,
          "type": "INTERVALS",
        },
        {
          "date": "2026-08-23",
          "desc": "Long run — easy effort at 5:55/km",
          "done": false,
          "id": "w6d6",
          "km": 15.5,
          "pace": 355,
          "runId": null,
          "type": "LONG",
        },
      ],
      "startDate": "2026-08-17",
      "weekNumber": 6,
    },
    {
      "phase": "PEAK",
      "sessions": [
        {
          "date": "2026-08-25",
          "desc": "Tempo run — 4:58/km, comfortably hard",
          "done": false,
          "id": "w7d1",
          "km": 5.7,
          "pace": 298,
          "runId": null,
          "type": "TEMPO",
        },
        {
          "date": "2026-08-27",
          "desc": "Tempo run — 4:58/km, comfortably hard",
          "done": false,
          "id": "w7d3",
          "km": 6.5,
          "pace": 298,
          "runId": null,
          "type": "TEMPO",
        },
        {
          "date": "2026-08-30",
          "desc": "Race — 10km · +50m",
          "done": false,
          "editionId": "tuneup-10k",
          "id": "race-tuneup-10k",
          "km": 10,
          "pace": 287,
          "runId": null,
          "type": "RACE",
        },
      ],
      "startDate": "2026-08-24",
      "weekNumber": 7,
    },
    {
      "phase": "PEAK",
      "sessions": [
        {
          "date": "2026-09-01",
          "desc": "Intervals — 5x800m at 4:44/km + 90s recovery",
          "done": false,
          "id": "w8d1",
          "km": 5.5,
          "pace": 284,
          "runId": null,
          "type": "INTERVALS",
        },
        {
          "date": "2026-09-03",
          "desc": "Intervals — 5x800m at 4:44/km + 90s recovery",
          "done": false,
          "id": "w8d3",
          "km": 5.5,
          "pace": 284,
          "runId": null,
          "type": "INTERVALS",
        },
        {
          "date": "2026-09-06",
          "desc": "Long run — easy effort at 5:55/km",
          "done": false,
          "id": "w8d6",
          "km": 17.3,
          "pace": 355,
          "runId": null,
          "type": "LONG",
        },
      ],
      "startDate": "2026-08-31",
      "weekNumber": 8,
    },
    {
      "phase": "PEAK",
      "sessions": [
        {
          "date": "2026-09-08",
          "desc": "Tempo run — 4:58/km, comfortably hard",
          "done": false,
          "id": "w9d1",
          "km": 5.7,
          "pace": 298,
          "runId": null,
          "type": "TEMPO",
        },
        {
          "date": "2026-09-10",
          "desc": "Tempo run — 4:58/km, comfortably hard",
          "done": false,
          "id": "w9d3",
          "km": 6.5,
          "pace": 298,
          "runId": null,
          "type": "TEMPO",
        },
        {
          "date": "2026-09-13",
          "desc": "Long run — easy effort at 5:55/km",
          "done": false,
          "id": "w9d6",
          "km": 18.1,
          "pace": 355,
          "runId": null,
          "type": "LONG",
        },
      ],
      "startDate": "2026-09-07",
      "weekNumber": 9,
    },
    {
      "phase": "PEAK",
      "sessions": [
        {
          "date": "2026-09-15",
          "desc": "Intervals — 5x800m at 4:44/km + 90s recovery",
          "done": false,
          "id": "w10d1",
          "km": 5.5,
          "pace": 284,
          "runId": null,
          "type": "INTERVALS",
        },
        {
          "date": "2026-09-17",
          "desc": "Intervals — 5x800m at 4:44/km + 90s recovery",
          "done": false,
          "id": "w10d3",
          "km": 5.5,
          "pace": 284,
          "runId": null,
          "type": "INTERVALS",
        },
        {
          "date": "2026-09-20",
          "desc": "Long run — easy effort at 5:55/km",
          "done": false,
          "id": "w10d6",
          "km": 19,
          "pace": 355,
          "runId": null,
          "type": "LONG",
        },
      ],
      "startDate": "2026-09-14",
      "weekNumber": 10,
    },
    {
      "phase": "TAPER",
      "sessions": [
        {
          "date": "2026-09-22",
          "desc": "Easy run — relaxed aerobic effort",
          "done": false,
          "id": "w11d1",
          "km": 4,
          "pace": 355,
          "runId": null,
          "type": "EASY",
        },
        {
          "date": "2026-09-24",
          "desc": "Easy run — relaxed aerobic effort",
          "done": false,
          "id": "w11d3",
          "km": 4,
          "pace": 355,
          "runId": null,
          "type": "EASY",
        },
        {
          "date": "2026-09-27",
          "desc": "Long run — easy effort at 5:55/km",
          "done": false,
          "id": "w11d6",
          "km": 16.1,
          "pace": 355,
          "runId": null,
          "type": "LONG",
        },
      ],
      "startDate": "2026-09-21",
      "weekNumber": 11,
    },
    {
      "phase": "TAPER",
      "sessions": [
        {
          "date": "2026-09-29",
          "desc": "Easy run — relaxed aerobic effort",
          "done": false,
          "id": "w12d1",
          "km": 3.5,
          "pace": 355,
          "runId": null,
          "type": "EASY",
        },
        {
          "date": "2026-10-01",
          "desc": "Easy run — relaxed aerobic effort",
          "done": false,
          "id": "w12d3",
          "km": 3.5,
          "pace": 355,
          "runId": null,
          "type": "EASY",
        },
        {
          "date": "2026-10-04",
          "desc": "Long run — easy effort at 5:55/km",
          "done": false,
          "id": "w12d6",
          "km": 12.3,
          "pace": 355,
          "runId": null,
          "type": "LONG",
        },
      ],
      "startDate": "2026-09-28",
      "weekNumber": 12,
    },
    {
      "phase": "TAPER",
      "sessions": [
        {
          "date": "2026-10-06",
          "desc": "Easy run — relaxed aerobic effort",
          "done": false,
          "id": "w13d1",
          "km": 3,
          "pace": 355,
          "runId": null,
          "type": "EASY",
        },
        {
          "date": "2026-10-08",
          "desc": "Easy run — relaxed aerobic effort",
          "done": false,
          "id": "w13d3",
          "km": 3,
          "pace": 355,
          "runId": null,
          "type": "EASY",
        },
        {
          "date": "2026-10-11",
          "desc": "Long run — easy effort at 5:55/km",
          "done": false,
          "id": "w13d6",
          "km": 8.5,
          "pace": 355,
          "runId": null,
          "type": "LONG",
        },
      ],
      "startDate": "2026-10-05",
      "weekNumber": 13,
    },
    {
      "phase": "RACE",
      "sessions": [
        {
          "date": "2026-10-18",
          "desc": "Race Day — 21.1km · +150m climb! Everything you trained for.",
          "done": false,
          "editionId": "main-half",
          "id": "race",
          "km": 21.1,
          "pace": 300,
          "runId": null,
          "type": "RACE",
        },
      ],
      "startDate": "2026-10-12",
      "weekNumber": 14,
    },
  ],
}
`;

exports[`buildPlan balanced output freeze > marathon, default 2 days, from scratch — stable output 1`] = `
{
  "distanceKm": 42.2,
  "goalSec": 14400,
  "longRunPeakKm": 32,
  "planSessions": [
    {
      "dayOffset": 2,
      "minutes": 30,
    },
    {
      "dayOffset": 6,
      "minutes": 60,
    },
  ],
  "raceDate": "2026-12-06",
  "raceElevation": 0,
  "racePace": 341,
  "style": "balanced",
  "targetPace": 341,
  "weeks": [
    {
      "phase": "BASE",
      "sessions": [
        {
          "date": "2026-07-15",
          "desc": "Easy run — relaxed aerobic effort",
          "done": false,
          "id": "w1d2",
          "km": 2.5,
          "pace": 426,
          "runId": null,
          "type": "EASY",
        },
        {
          "date": "2026-07-19",
          "desc": "Long run — easy effort at 7:06/km",
          "done": false,
          "id": "w1d6",
          "km": 4.5,
          "pace": 426,
          "runId": null,
          "type": "LONG",
        },
      ],
      "startDate": "2026-07-13",
      "weekNumber": 1,
    },
    {
      "phase": "BASE",
      "sessions": [
        {
          "date": "2026-07-22",
          "desc": "Easy run — relaxed aerobic effort",
          "done": false,
          "id": "w2d2",
          "km": 2.7,
          "pace": 426,
          "runId": null,
          "type": "EASY",
        },
        {
          "date": "2026-07-26",
          "desc": "Long run — easy effort at 7:06/km",
          "done": false,
          "id": "w2d6",
          "km": 6.2,
          "pace": 426,
          "runId": null,
          "type": "LONG",
        },
      ],
      "startDate": "2026-07-20",
      "weekNumber": 2,
    },
    {
      "phase": "BASE",
      "sessions": [
        {
          "date": "2026-07-29",
          "desc": "Easy run — relaxed aerobic effort",
          "done": false,
          "id": "w3d2",
          "km": 2.9,
          "pace": 426,
          "runId": null,
          "type": "EASY",
        },
        {
          "date": "2026-08-02",
          "desc": "Long run — easy effort at 7:06/km",
          "done": false,
          "id": "w3d6",
          "km": 7.9,
          "pace": 426,
          "runId": null,
          "type": "LONG",
        },
      ],
      "startDate": "2026-07-27",
      "weekNumber": 3,
    },
    {
      "phase": "BASE",
      "sessions": [
        {
          "date": "2026-08-05",
          "desc": "Easy run — relaxed aerobic effort",
          "done": false,
          "id": "w4d2",
          "km": 3.1,
          "pace": 426,
          "runId": null,
          "type": "EASY",
        },
        {
          "date": "2026-08-09",
          "desc": "Long run — easy effort at 7:06/km",
          "done": false,
          "id": "w4d6",
          "km": 9.7,
          "pace": 426,
          "runId": null,
          "type": "LONG",
        },
      ],
      "startDate": "2026-08-03",
      "weekNumber": 4,
    },
    {
      "phase": "BUILD",
      "sessions": [
        {
          "date": "2026-08-12",
          "desc": "Tempo run — 5:58/km, comfortably hard",
          "done": false,
          "id": "w5d2",
          "km": 3.6,
          "pace": 358,
          "runId": null,
          "type": "TEMPO",
        },
        {
          "date": "2026-08-16",
          "desc": "Long run — easy effort at 7:06/km",
          "done": false,
          "id": "w5d6",
          "km": 11.4,
          "pace": 426,
          "runId": null,
          "type": "LONG",
        },
      ],
      "startDate": "2026-08-10",
      "weekNumber": 5,
    },
    {
      "phase": "BUILD",
      "sessions": [
        {
          "date": "2026-08-19",
          "desc": "Intervals — 3x800m at 5:41/km + 90s recovery",
          "done": false,
          "id": "w6d2",
          "km": 3.9,
          "pace": 341,
          "runId": null,
          "type": "INTERVALS",
        },
        {
          "date": "2026-08-23",
          "desc": "Long run — easy effort at 7:06/km",
          "done": false,
          "id": "w6d6",
          "km": 13.1,
          "pace": 426,
          "runId": null,
          "type": "LONG",
        },
      ],
      "startDate": "2026-08-17",
      "weekNumber": 6,
    },
    {
      "phase": "BUILD",
      "sessions": [
        {
          "date": "2026-08-26",
          "desc": "Tempo run — 5:58/km, comfortably hard",
          "done": false,
          "id": "w7d2",
          "km": 3.6,
          "pace": 358,
          "runId": null,
          "type": "TEMPO",
        },
        {
          "date": "2026-08-30",
          "desc": "Long run — easy effort at 7:06/km",
          "done": false,
          "id": "w7d6",
          "km": 14.8,
          "pace": 426,
          "runId": null,
          "type": "LONG",
        },
      ],
      "startDate": "2026-08-24",
      "weekNumber": 7,
    },
    {
      "phase": "BUILD",
      "sessions": [
        {
          "date": "2026-09-02",
          "desc": "Intervals — 3x800m at 5:41/km + 90s recovery",
          "done": false,
          "id": "w8d2",
          "km": 3.9,
          "pace": 341,
          "runId": null,
          "type": "INTERVALS",
        },
        {
          "date": "2026-09-06",
          "desc": "Long run — easy effort at 7:06/km",
          "done": false,
          "id": "w8d6",
          "km": 16.5,
          "pace": 426,
          "runId": null,
          "type": "LONG",
        },
      ],
      "startDate": "2026-08-31",
      "weekNumber": 8,
    },
    {
      "phase": "BUILD",
      "sessions": [
        {
          "date": "2026-09-09",
          "desc": "Tempo run — 5:58/km, comfortably hard",
          "done": false,
          "id": "w9d2",
          "km": 3.6,
          "pace": 358,
          "runId": null,
          "type": "TEMPO",
        },
        {
          "date": "2026-09-13",
          "desc": "Long run — easy effort at 7:06/km",
          "done": false,
          "id": "w9d6",
          "km": 18.3,
          "pace": 426,
          "runId": null,
          "type": "LONG",
        },
      ],
      "startDate": "2026-09-07",
      "weekNumber": 9,
    },
    {
      "phase": "BUILD",
      "sessions": [
        {
          "date": "2026-09-16",
          "desc": "Intervals — 3x800m at 5:41/km + 90s recovery",
          "done": false,
          "id": "w10d2",
          "km": 3.9,
          "pace": 341,
          "runId": null,
          "type": "INTERVALS",
        },
        {
          "date": "2026-09-20",
          "desc": "Long run — easy effort at 7:06/km",
          "done": false,
          "id": "w10d6",
          "km": 20,
          "pace": 426,
          "runId": null,
          "type": "LONG",
        },
      ],
      "startDate": "2026-09-14",
      "weekNumber": 10,
    },
    {
      "phase": "BUILD",
      "sessions": [
        {
          "date": "2026-09-23",
          "desc": "Tempo run — 5:58/km, comfortably hard",
          "done": false,
          "id": "w11d2",
          "km": 3.6,
          "pace": 358,
          "runId": null,
          "type": "TEMPO",
        },
        {
          "date": "2026-09-27",
          "desc": "Long run — easy effort at 7:06/km",
          "done": false,
          "id": "w11d6",
          "km": 21.7,
          "pace": 426,
          "runId": null,
          "type": "LONG",
        },
      ],
      "startDate": "2026-09-21",
      "weekNumber": 11,
    },
    {
      "phase": "BUILD",
      "sessions": [
        {
          "date": "2026-09-30",
          "desc": "Intervals — 3x800m at 5:41/km + 90s recovery",
          "done": false,
          "id": "w12d2",
          "km": 3.9,
          "pace": 341,
          "runId": null,
          "type": "INTERVALS",
        },
        {
          "date": "2026-10-04",
          "desc": "Long run — easy effort at 7:06/km",
          "done": false,
          "id": "w12d6",
          "km": 23.4,
          "pace": 426,
          "runId": null,
          "type": "LONG",
        },
      ],
      "startDate": "2026-09-28",
      "weekNumber": 12,
    },
    {
      "phase": "BUILD",
      "sessions": [
        {
          "date": "2026-10-07",
          "desc": "Tempo run — 5:58/km, comfortably hard",
          "done": false,
          "id": "w13d2",
          "km": 3.6,
          "pace": 358,
          "runId": null,
          "type": "TEMPO",
        },
        {
          "date": "2026-10-11",
          "desc": "Long run — easy effort at 7:06/km",
          "done": false,
          "id": "w13d6",
          "km": 25.1,
          "pace": 426,
          "runId": null,
          "type": "LONG",
        },
      ],
      "startDate": "2026-10-05",
      "weekNumber": 13,
    },
    {
      "phase": "PEAK",
      "sessions": [
        {
          "date": "2026-10-14",
          "desc": "Intervals — 3x800m at 5:41/km + 90s recovery",
          "done": false,
          "id": "w14d2",
          "km": 3.9,
          "pace": 341,
          "runId": null,
          "type": "INTERVALS",
        },
        {
          "date": "2026-10-18",
          "desc": "Long run — easy effort at 7:06/km",
          "done": false,
          "id": "w14d6",
          "km": 26.8,
          "pace": 426,
          "runId": null,
          "type": "LONG",
        },
      ],
      "startDate": "2026-10-12",
      "weekNumber": 14,
    },
    {
      "phase": "PEAK",
      "sessions": [
        {
          "date": "2026-10-21",
          "desc": "Tempo run — 5:58/km, comfortably hard",
          "done": false,
          "id": "w15d2",
          "km": 3.6,
          "pace": 358,
          "runId": null,
          "type": "TEMPO",
        },
        {
          "date": "2026-10-25",
          "desc": "Long run — easy effort at 7:06/km",
          "done": false,
          "id": "w15d6",
          "km": 28.6,
          "pace": 426,
          "runId": null,
          "type": "LONG",
        },
      ],
      "startDate": "2026-10-19",
      "weekNumber": 15,
    },
    {
      "phase": "PEAK",
      "sessions": [
        {
          "date": "2026-10-28",
          "desc": "Intervals — 3x800m at 5:41/km + 90s recovery",
          "done": false,
          "id": "w16d2",
          "km": 3.9,
          "pace": 341,
          "runId": null,
          "type": "INTERVALS",
        },
        {
          "date": "2026-11-01",
          "desc": "Long run — easy effort at 7:06/km",
          "done": false,
          "id": "w16d6",
          "km": 30.3,
          "pace": 426,
          "runId": null,
          "type": "LONG",
        },
      ],
      "startDate": "2026-10-26",
      "weekNumber": 16,
    },
    {
      "phase": "PEAK",
      "sessions": [
        {
          "date": "2026-11-04",
          "desc": "Tempo run — 5:58/km, comfortably hard",
          "done": false,
          "id": "w17d2",
          "km": 3.6,
          "pace": 358,
          "runId": null,
          "type": "TEMPO",
        },
        {
          "date": "2026-11-08",
          "desc": "Long run — easy effort at 7:06/km",
          "done": false,
          "id": "w17d6",
          "km": 32,
          "pace": 426,
          "runId": null,
          "type": "LONG",
        },
      ],
      "startDate": "2026-11-02",
      "weekNumber": 17,
    },
    {
      "phase": "TAPER",
      "sessions": [
        {
          "date": "2026-11-11",
          "desc": "Easy run — relaxed aerobic effort",
          "done": false,
          "id": "w18d2",
          "km": 4,
          "pace": 426,
          "runId": null,
          "type": "EASY",
        },
        {
          "date": "2026-11-15",
          "desc": "Long run — easy effort at 7:06/km",
          "done": false,
          "id": "w18d6",
          "km": 27.2,
          "pace": 426,
          "runId": null,
          "type": "LONG",
        },
      ],
      "startDate": "2026-11-09",
      "weekNumber": 18,
    },
    {
      "phase": "TAPER",
      "sessions": [
        {
          "date": "2026-11-18",
          "desc": "Easy run — relaxed aerobic effort",
          "done": false,
          "id": "w19d2",
          "km": 3.5,
          "pace": 426,
          "runId": null,
          "type": "EASY",
        },
        {
          "date": "2026-11-22",
          "desc": "Long run — easy effort at 7:06/km",
          "done": false,
          "id": "w19d6",
          "km": 20.8,
          "pace": 426,
          "runId": null,
          "type": "LONG",
        },
      ],
      "startDate": "2026-11-16",
      "weekNumber": 19,
    },
    {
      "phase": "TAPER",
      "sessions": [
        {
          "date": "2026-11-25",
          "desc": "Easy run — relaxed aerobic effort",
          "done": false,
          "id": "w20d2",
          "km": 3,
          "pace": 426,
          "runId": null,
          "type": "EASY",
        },
        {
          "date": "2026-11-29",
          "desc": "Long run — easy effort at 7:06/km",
          "done": false,
          "id": "w20d6",
          "km": 14.4,
          "pace": 426,
          "runId": null,
          "type": "LONG",
        },
      ],
      "startDate": "2026-11-23",
      "weekNumber": 20,
    },
    {
      "phase": "RACE",
      "sessions": [
        {
          "date": "2026-12-06",
          "desc": "Race Day — 42.2km! Everything you trained for.",
          "done": false,
          "editionId": null,
          "id": "race",
          "km": 42.2,
          "pace": 341,
          "runId": null,
          "type": "RACE",
        },
      ],
      "startDate": "2026-11-30",
      "weekNumber": 21,
    },
  ],
}
`;
